// Jest Snapshot v1, https://goo.gl/fbAQLP

exports[`Toolbar render elements Toolbar renders 2 buttons, 2 inputs and 2 select boxes 1`] = `
RenderContext {
  "0": T {
    "attributes": Object {
      "devices": Array [
        Object {
          "colors": Array [],
          "height": 600,
          "id": 1,
          "name": "Desktop",
          "value": "macbook",
          "width": 960,
        },
        Object {
          "colors": Array [],
          "height": 568,
          "id": 2,
          "name": "HTC One",
          "value": "htc-one",
          "width": 320,
        },
        Object {
          "colors": Array [
            "white",
            "black",
          ],
          "height": 568,
          "id": 3,
          "name": "Galaxy S5",
          "value": "s5",
          "width": 320,
        },
        Object {
          "colors": Array [
            "silver",
            "black",
          ],
          "height": 480,
          "id": 4,
          "name": "iPhone 4s",
          "value": "iphone4s",
          "width": 320,
        },
        Object {
          "colors": Array [
            "white",
            "red",
            "yellow",
            "green",
            "blue",
          ],
          "height": 568,
          "id": 5,
          "name": "iPhone 5C",
          "value": "iphone5c",
          "width": 320,
        },
        Object {
          "colors": Array [
            "silver",
            "gold",
            "black",
          ],
          "height": 568,
          "id": 6,
          "name": "iPhone 5s",
          "value": "iphone5s",
          "width": 320,
        },
        Object {
          "colors": Array [
            "silver",
            "gold",
            "black",
          ],
          "height": 667,
          "id": 7,
          "name": "iPhone 8",
          "value": "iphone8",
          "width": 375,
        },
        Object {
          "colors": Array [
            "silver",
            "gold",
            "black",
          ],
          "height": 736,
          "id": 8,
          "name": "iPhone 8 plus",
          "value": "iphone8plus",
          "width": 414,
        },
        Object {
          "colors": Array [],
          "height": 812,
          "id": 9,
          "name": "iPhone-X",
          "value": "iphone-x",
          "width": 375,
        },
        Object {
          "colors": Array [
            "silver",
            "black",
          ],
          "height": 768,
          "id": 10,
          "name": "iPad Mini",
          "value": "ipad",
          "width": 576,
        },
        Object {
          "colors": Array [],
          "height": 822,
          "id": 11,
          "name": "Galaxy note 8",
          "value": "note8",
          "width": 400,
        },
        Object {
          "colors": Array [],
          "height": 568,
          "id": 12,
          "name": "Nexus 5",
          "value": "nexus5",
          "width": 320,
        },
        Object {
          "colors": Array [
            "yellow",
            "blue",
            "red",
            "white",
            "black",
          ],
          "height": 533,
          "id": 13,
          "name": "Lumia 920",
          "value": "lumia920",
          "width": 320,
        },
      ],
      "frameHeightCalc": [Function],
      "updateParent": [Function],
      "zoom": 100,
    },
    "children": Array [],
    "key": undefined,
    "nodeName": [Function],
  },
  "length": 1,
}
`;
